// Jest Snapshot v1, https://goo.gl/fbAQLP

exports[`matches snapshot 1`] = `
<DocumentFragment>
  <div
    class="MainPage-container"
  >
    <img
      alt="pawprint"
      src="pawPrint.jpg"
    />
    <div
      class="MainPage-header"
    >
      Welcome to Petly!
    </div>
  </div>
</DocumentFragment>
`;
