// Jest Snapshot v1, https://goo.gl/fbAQLP

exports[`matches snapshot 1`] = `
<DocumentFragment>
  <div
    class="AdopterLogin-container"
  >
    <div
      class="AdopterLogin-header"
    >
      Adopter Log in
    </div>
    <form
      class="AdopterLogin-form"
    >
      <label
        class="AdopterLogin-label"
      >
        Username:
      </label>
      <input
        class="AdopterLogin-input"
        id="username"
        name="username"
        placeholder="Username"
        type="text"
        value=""
      />
      <label
        class="AdopterLogin-label"
      >
        Password:
      </label>
      <input
        class="AdopterLogin-input"
        id="password"
        name="password"
        placeholder="Password"
        type="password"
        value=""
      />
      <button
        class="AdopterLogin-button"
      >
        Log in
      </button>
    </form>
    <div
      class="AdopterLogin-reminder"
    >
      Don't have an account yet? Sign up 
      <a
        class="AdopterLogin-signuplink"
        href="/adopters/signup"
      >
        here
      </a>
    </div>
  </div>
</DocumentFragment>
`;
