// Jest Snapshot v1, https://goo.gl/fbAQLP

exports[`matches snapshot 1`] = `
<DocumentFragment>
  <div
    class="ShelterSignup-container"
  >
    <div
      class="ShelterSignup-header"
    >
      Shelter Sign up
    </div>
    <form
      class="ShelterSignup-form"
    >
      <label
        class="ShelterSignup-label"
      >
        Username*:
      </label>
      <input
        class="ShelterSignup-input"
        id="username"
        name="username"
        placeholder="Username"
        type="text"
        value=""
      />
      <label
        class="ShelterSignup-label"
      >
        Password*:
      </label>
      <input
        class="ShelterSignup-input"
        id="password"
        name="password"
        placeholder="Password"
        type="password"
        value=""
      />
      <label
        class="ShelterSignup-label"
      >
        Shelter Name*:
      </label>
      <input
        class="ShelterSignup-input"
        id="name"
        name="name"
        placeholder="Shelter Name"
        type="text"
        value=""
      />
      <label
        class="ShelterSignup-label"
      >
        Email*:
      </label>
      <input
        class="ShelterSignup-input"
        id="email"
        name="email"
        placeholder="Email"
        type="email"
        value=""
      />
      <label
        class="ShelterSignup-label"
      >
        Phone*:
      </label>
      <input
        class="ShelterSignup-input"
        id="phoneNumber"
        name="phoneNumber"
        placeholder="Phone"
        type="text"
        value=""
      />
      <label
        class="ShelterSignup-label"
      >
        Address:
      </label>
      <input
        class="ShelterSignup-input"
        id="address"
        name="address"
        placeholder="Address"
        type="text"
        value=""
      />
      <label
        class="ShelterSignup-label"
      >
        City*:
      </label>
      <input
        class="ShelterSignup-input"
        id="city"
        name="city"
        placeholder="City"
        type="text"
        value=""
      />
      <label
        class="ShelterSignup-label"
        for="state"
      >
        State:
      </label>
      <select
        class="ShelterSignup-select"
        id="state"
        name="state"
      >
        <option
          value="AL"
        >
          AL
        </option>
        <option
          value="AK"
        >
          AK
        </option>
        <option
          value="AS"
        >
          AS
        </option>
        <option
          value="AZ"
        >
          AZ
        </option>
        <option
          value="AR"
        >
          AR
        </option>
        <option
          value="CA"
        >
          CA
        </option>
        <option
          value="CO"
        >
          CO
        </option>
        <option
          value="CT"
        >
          CT
        </option>
        <option
          value="DE"
        >
          DE
        </option>
        <option
          value="DC"
        >
          DC
        </option>
        <option
          value="FM"
        >
          FM
        </option>
        <option
          value="FL"
        >
          FL
        </option>
        <option
          value="GA"
        >
          GA
        </option>
        <option
          value="GU"
        >
          GU
        </option>
        <option
          value="HI"
        >
          HI
        </option>
        <option
          value="ID"
        >
          ID
        </option>
        <option
          value="IL"
        >
          IL
        </option>
        <option
          value="IN"
        >
          IN
        </option>
        <option
          value="IA"
        >
          IA
        </option>
        <option
          value="KS"
        >
          KS
        </option>
        <option
          value="KY"
        >
          KY
        </option>
        <option
          value="LA"
        >
          LA
        </option>
        <option
          value="ME"
        >
          ME
        </option>
        <option
          value="MH"
        >
          MH
        </option>
        <option
          value="MD"
        >
          MD
        </option>
        <option
          value="MA"
        >
          MA
        </option>
        <option
          value="MI"
        >
          MI
        </option>
        <option
          value="MN"
        >
          MN
        </option>
        <option
          value="MS"
        >
          MS
        </option>
        <option
          value="MO"
        >
          MO
        </option>
        <option
          value="MT"
        >
          MT
        </option>
        <option
          value="NE"
        >
          NE
        </option>
        <option
          value="NV"
        >
          NV
        </option>
        <option
          value="NH"
        >
          NH
        </option>
        <option
          value="NJ"
        >
          NJ
        </option>
        <option
          value="NM"
        >
          NM
        </option>
        <option
          value="NY"
        >
          NY
        </option>
        <option
          value="NC"
        >
          NC
        </option>
        <option
          value="ND"
        >
          ND
        </option>
        <option
          value="MP"
        >
          MP
        </option>
        <option
          value="OH"
        >
          OH
        </option>
        <option
          value="OK"
        >
          OK
        </option>
        <option
          value="OR"
        >
          OR
        </option>
        <option
          value="PW"
        >
          PW
        </option>
        <option
          value="PA"
        >
          PA
        </option>
        <option
          value="PR"
        >
          PR
        </option>
        <option
          value="RI"
        >
          RI
        </option>
        <option
          value="SC"
        >
          SC
        </option>
        <option
          value="SD"
        >
          SD
        </option>
        <option
          value="TN"
        >
          TN
        </option>
        <option
          value="TX"
        >
          TX
        </option>
        <option
          value="UT"
        >
          UT
        </option>
        <option
          value="VT"
        >
          VT
        </option>
        <option
          value="VI"
        >
          VI
        </option>
        <option
          value="VA"
        >
          VA
        </option>
        <option
          value="WA"
        >
          WA
        </option>
        <option
          value="WV"
        >
          WV
        </option>
        <option
          value="WI"
        >
          WI
        </option>
        <option
          value="WY"
        >
          WY
        </option>
      </select>
      <label
        class="ShelterSignup-label"
      >
        Post Code:
      </label>
      <input
        class="ShelterSignup-input"
        id="postcode"
        name="postcode"
        placeholder="Post Code"
        type="text"
        value=""
      />
      <label
        class="ShelterSignup-label"
      >
        Shelter's Logo URL:
      </label>
      <input
        class="ShelterSignup-input-long"
        id="logo"
        name="logo"
        placeholder="Shelter's Logo URL"
        type="text"
        value=""
      />
      <label
        class="ShelterSignup-label"
        id="bio"
      >
        Shelter's Bio:
      </label>
      <textarea
        cols="33"
        id="description"
        name="description"
        rows="5"
      />
      <button
        class="ShelterSignup-button"
      >
        Sign up
      </button>
    </form>
    <div
      class="ShelterSignup-alreadySignup"
    >
      Already signed up? 
      <a
        class="ShelterSignup-signupLink"
        href="/shelters/login"
      >
        Log in
      </a>
    </div>
  </div>
</DocumentFragment>
`;
